Archive member included to satisfy reference by file (symbol)

/usr/lib/gcc/arm-none-eabi/14.1.0/../../../../arm-none-eabi/lib/thumb/v7e-m/nofp/libc_nano.a(libc_a-sprintf.o)
                              ./Output/main.o (sprintf)
/usr/lib/gcc/arm-none-eabi/14.1.0/../../../../arm-none-eabi/lib/thumb/v7e-m/nofp/libc_nano.a(libc_a-memset.o)
                              ./Output/tasks.o (memset)
/usr/lib/gcc/arm-none-eabi/14.1.0/../../../../arm-none-eabi/lib/thumb/v7e-m/nofp/libc_nano.a(libc_a-impure.o)
                              /usr/lib/gcc/arm-none-eabi/14.1.0/../../../../arm-none-eabi/lib/thumb/v7e-m/nofp/libc_nano.a(libc_a-sprintf.o) (_impure_ptr)
/usr/lib/gcc/arm-none-eabi/14.1.0/../../../../arm-none-eabi/lib/thumb/v7e-m/nofp/libc_nano.a(libc_a-memcpy-stub.o)
                              ./Output/queue.o (memcpy)
/usr/lib/gcc/arm-none-eabi/14.1.0/../../../../arm-none-eabi/lib/thumb/v7e-m/nofp/libc_nano.a(libc_a-strlen.o)
                              ./Output/tasks.o (strlen)
/usr/lib/gcc/arm-none-eabi/14.1.0/../../../../arm-none-eabi/lib/thumb/v7e-m/nofp/libc_nano.a(libc_a-nano-svfprintf.o)
                              /usr/lib/gcc/arm-none-eabi/14.1.0/../../../../arm-none-eabi/lib/thumb/v7e-m/nofp/libc_nano.a(libc_a-sprintf.o) (_svfprintf_r)
/usr/lib/gcc/arm-none-eabi/14.1.0/../../../../arm-none-eabi/lib/thumb/v7e-m/nofp/libc_nano.a(libc_a-nano-vfprintf_i.o)
                              /usr/lib/gcc/arm-none-eabi/14.1.0/../../../../arm-none-eabi/lib/thumb/v7e-m/nofp/libc_nano.a(libc_a-nano-svfprintf.o) (_printf_i)
/usr/lib/gcc/arm-none-eabi/14.1.0/../../../../arm-none-eabi/lib/thumb/v7e-m/nofp/libc_nano.a(libc_a-memmove.o)
                              /usr/lib/gcc/arm-none-eabi/14.1.0/../../../../arm-none-eabi/lib/thumb/v7e-m/nofp/libc_nano.a(libc_a-nano-svfprintf.o) (memmove)
/usr/lib/gcc/arm-none-eabi/14.1.0/../../../../arm-none-eabi/lib/thumb/v7e-m/nofp/libc_nano.a(libc_a-memchr.o)
                              /usr/lib/gcc/arm-none-eabi/14.1.0/../../../../arm-none-eabi/lib/thumb/v7e-m/nofp/libc_nano.a(libc_a-nano-svfprintf.o) (memchr)
/usr/lib/gcc/arm-none-eabi/14.1.0/../../../../arm-none-eabi/lib/thumb/v7e-m/nofp/libc_nano.a(libc_a-freer.o)
                              /usr/lib/gcc/arm-none-eabi/14.1.0/../../../../arm-none-eabi/lib/thumb/v7e-m/nofp/libc_nano.a(libc_a-nano-svfprintf.o) (_free_r)
/usr/lib/gcc/arm-none-eabi/14.1.0/../../../../arm-none-eabi/lib/thumb/v7e-m/nofp/libc_nano.a(libc_a-mallocr.o)
                              /usr/lib/gcc/arm-none-eabi/14.1.0/../../../../arm-none-eabi/lib/thumb/v7e-m/nofp/libc_nano.a(libc_a-nano-svfprintf.o) (_malloc_r)
/usr/lib/gcc/arm-none-eabi/14.1.0/../../../../arm-none-eabi/lib/thumb/v7e-m/nofp/libc_nano.a(libc_a-mlock.o)
                              /usr/lib/gcc/arm-none-eabi/14.1.0/../../../../arm-none-eabi/lib/thumb/v7e-m/nofp/libc_nano.a(libc_a-freer.o) (__malloc_lock)
/usr/lib/gcc/arm-none-eabi/14.1.0/../../../../arm-none-eabi/lib/thumb/v7e-m/nofp/libc_nano.a(libc_a-reallocr.o)
                              /usr/lib/gcc/arm-none-eabi/14.1.0/../../../../arm-none-eabi/lib/thumb/v7e-m/nofp/libc_nano.a(libc_a-nano-svfprintf.o) (_realloc_r)
/usr/lib/gcc/arm-none-eabi/14.1.0/../../../../arm-none-eabi/lib/thumb/v7e-m/nofp/libc_nano.a(libc_a-sbrkr.o)
                              /usr/lib/gcc/arm-none-eabi/14.1.0/../../../../arm-none-eabi/lib/thumb/v7e-m/nofp/libc_nano.a(libc_a-mallocr.o) (_sbrk_r)
/usr/lib/gcc/arm-none-eabi/14.1.0/../../../../arm-none-eabi/lib/thumb/v7e-m/nofp/libc_nano.a(libc_a-lock.o)
                              /usr/lib/gcc/arm-none-eabi/14.1.0/../../../../arm-none-eabi/lib/thumb/v7e-m/nofp/libc_nano.a(libc_a-mlock.o) (__retarget_lock_acquire_recursive)
/usr/lib/gcc/arm-none-eabi/14.1.0/../../../../arm-none-eabi/lib/thumb/v7e-m/nofp/libc_nano.a(libc_a-msizer.o)
                              /usr/lib/gcc/arm-none-eabi/14.1.0/../../../../arm-none-eabi/lib/thumb/v7e-m/nofp/libc_nano.a(libc_a-reallocr.o) (_malloc_usable_size_r)
/usr/lib/gcc/arm-none-eabi/14.1.0/../../../../arm-none-eabi/lib/thumb/v7e-m/nofp/libc_nano.a(libc_a-reent.o)
                              /usr/lib/gcc/arm-none-eabi/14.1.0/../../../../arm-none-eabi/lib/thumb/v7e-m/nofp/libc_nano.a(libc_a-sbrkr.o) (errno)
/usr/lib/gcc/arm-none-eabi/14.1.0/../../../../arm-none-eabi/lib/thumb/v7e-m/nofp/libnosys.a(sbrk.o)
                              /usr/lib/gcc/arm-none-eabi/14.1.0/../../../../arm-none-eabi/lib/thumb/v7e-m/nofp/libc_nano.a(libc_a-sbrkr.o) (_sbrk)

Discarded input sections

 .group         0x00000000        0xc ./Output/tasks.o
 .group         0x00000000        0xc ./Output/tasks.o
 .group         0x00000000        0xc ./Output/tasks.o
 .group         0x00000000        0xc ./Output/tasks.o
 .group         0x00000000        0xc ./Output/tasks.o
 .group         0x00000000        0xc ./Output/tasks.o
 .group         0x00000000        0xc ./Output/tasks.o
 .group         0x00000000        0xc ./Output/tasks.o
[...]
Memory Configuration

Name             Origin             Length             Attributes
ITCM             0x00000000         0x00010000         xr
SRAM             0x20400000         0x000bd800         rw
*default*        0x00000000         0xffffffff

Linker script and memory map

LOAD ./Output/tasks.o
LOAD ./Output/list.o
LOAD ./Output/queue.o
LOAD ./Output/heap_4.o
LOAD ./Output/port.o
LOAD ./Output/main.o
LOAD ./Output/uart.o
LOAD ./Output/adc.o
LOAD ./Output/startup.o
START GROUP
LOAD /usr/lib/gcc/arm-none-eabi/14.1.0/thumb/v7e-m/nofp/libgcc.a
LOAD /usr/lib/gcc/arm-none-eabi/14.1.0/../../../../arm-none-eabi/lib/thumb/v7e-m/nofp/libc_nano.a
END GROUP
START GROUP
LOAD /usr/lib/gcc/arm-none-eabi/14.1.0/thumb/v7e-m/nofp/libgcc.a
LOAD /usr/lib/gcc/arm-none-eabi/14.1.0/../../../../arm-none-eabi/lib/thumb/v7e-m/nofp/libc_nano.a
LOAD /usr/lib/gcc/arm-none-eabi/14.1.0/../../../../arm-none-eabi/lib/thumb/v7e-m/nofp/libnosys.a
END GROUP
START GROUP
LOAD /usr/lib/gcc/arm-none-eabi/14.1.0/thumb/v7e-m/nofp/libgcc.a
LOAD /usr/lib/gcc/arm-none-eabi/14.1.0/../../../../arm-none-eabi/lib/thumb/v7e-m/nofp/libc_nano.a
LOAD /usr/lib/gcc/arm-none-eabi/14.1.0/../../../../arm-none-eabi/lib/thumb/v7e-m/nofp/libnosys.a
END GROUP
                0x00000008                        _Min_Heap_Size = 0x8
                0x00000400                        _Min_Stack_Size = 0x400
                0x204bd800                        _estack = (ORIGIN (SRAM) + LENGTH (SRAM))

.isr_vector     0x00000000       0x78
                0x00000000                        __vector_table = .
 *(.isr_vector)
 .isr_vector    0x00000000       0x78 ./Output/startup.o
                0x00000000                isr_vector
                0x00000078                        . = ALIGN (0x4)

.text           0x00000080      0x124
 *(.text)
 .text          0x00000080       0xa0 /usr/lib/gcc/arm-none-eabi/14.1.0/../../../../arm-none-eabi/lib/thumb/v7e-m/nofp/libc_nano.a(libc_a-memchr.o)
                0x00000080                memchr
 *(.rodata*)
 .rodata.vTaskStartScheduler.str1.1
                0x00000120       0x7f ./Output/tasks.o
                                  0x5 (size before relaxing)
 *fill*         0x0000019f        0x1 
 .rodata.uxTopUsedPriority
                0x000001a0        0x4 ./Output/tasks.o
 .rodata.vTaskFunction.str1.1
                0x000001a4        0xb ./Output/main.o
 .rodata.main.str1.1
                0x000001a4        0x6 ./Output/main.o
 .rodata.prvGetRegistersFromStack.str1.1
                0x000001a4       0x36 ./Output/startup.o
 .rodata._svfprintf_r.str1.1
                0x000001a4       0x11 /usr/lib/gcc/arm-none-eabi/14.1.0/../../../../arm-none-eabi/lib/thumb/v7e-m/nofp/libc_nano.a(libc_a-nano-svfprintf.o)
 .rodata._printf_i.str1.1
                0x000001a4       0x22 /usr/lib/gcc/arm-none-eabi/14.1.0/../../../../arm-none-eabi/lib/thumb/v7e-m/nofp/libc_nano.a(libc_a-nano-vfprintf_i.o)
 *(.constdata*)
                0x000001a4                        _etext = .
                0x000001a4                        _sidata = .

.glue_7         0x000001a4        0x0
 .glue_7        0x000001a4        0x0 linker stubs

.glue_7t        0x000001a4        0x0
 .glue_7t       0x000001a4        0x0 linker stubs

.vfp11_veneer   0x000001a4        0x0
 .vfp11_veneer  0x000001a4        0x0 linker stubs

.v4_bx          0x000001a4        0x0
 .v4_bx         0x000001a4        0x0 linker stubs

.text.prvAddCurrentTaskToDelayedList
                0x000001a4       0xb4
 .text.prvAddCurrentTaskToDelayedList
                0x000001a4       0xb4 ./Output/tasks.o

.text.prvResetNextTaskUnblockTime
                0x00000258       0x24
 .text.prvResetNextTaskUnblockTime
                0x00000258       0x24 ./Output/tasks.o

.text.prvCheckTasksWaitingTermination
                0x0000027c       0x48
 .text.prvCheckTasksWaitingTermination
                0x0000027c       0x48 ./Output/tasks.o

.text.prvIdleTask
                0x000002c4        0x8
 .text.prvIdleTask
                0x000002c4        0x8 ./Output/tasks.o

.text.xTaskCreate
                0x000002cc      0x1c0
 .text.xTaskCreate
                0x000002cc      0x1c0 ./Output/tasks.o
                0x000002cc                xTaskCreate

.text.vTaskStartScheduler
                0x0000048c       0x7c
 .text.vTaskStartScheduler
                0x0000048c       0x7c ./Output/tasks.o
                0x0000048c                vTaskStartScheduler

.text.vTaskSuspendAll
                0x00000508       0x10
 .text.vTaskSuspendAll
                0x00000508       0x10 ./Output/tasks.o
                0x00000508                vTaskSuspendAll

.text.xTaskIncrementTick
                0x00000518      0x180
 .text.xTaskIncrementTick
                0x00000518      0x180 ./Output/tasks.o
                0x00000518                xTaskIncrementTick

.text.xTaskResumeAll
                0x00000698      0x154
 .text.xTaskResumeAll
                0x00000698      0x154 ./Output/tasks.o
                0x00000698                xTaskResumeAll

.text.vTaskDelay
                0x000007ec       0x3c
 .text.vTaskDelay
                0x000007ec       0x3c ./Output/tasks.o
                0x000007ec                vTaskDelay

.text.vTaskSwitchContext
                0x00000828       0x5c
 .text.vTaskSwitchContext
                0x00000828       0x5c ./Output/tasks.o
                0x00000828                vTaskSwitchContext

.iplt           0x00000884        0x0
 .iplt          0x00000884        0x0 ./Output/tasks.o

.text.vListInitialise
                0x00000884       0x16
 .text.vListInitialise
                0x00000884       0x16 ./Output/list.o
                0x00000884                vListInitialise

.text.vListInitialiseItem
                0x0000089a        0x6
 .text.vListInitialiseItem
                0x0000089a        0x6 ./Output/list.o
                0x0000089a                vListInitialiseItem

.text.vListInsert
                0x000008a0       0x2e
 .text.vListInsert
                0x000008a0       0x2e ./Output/list.o
                0x000008a0                vListInsert

.text.uxListRemove
                0x000008ce       0x1e
 .text.uxListRemove
                0x000008ce       0x1e ./Output/list.o
                0x000008ce                uxListRemove

.text.pvPortMalloc
                0x000008ec      0x130
 .text.pvPortMalloc
                0x000008ec      0x130 ./Output/heap_4.o
                0x000008ec                pvPortMalloc

.text.vPortFree
                0x00000a1c       0xbc
 .text.vPortFree
                0x00000a1c       0xbc ./Output/heap_4.o
                0x00000a1c                vPortFree

.text.prvTaskExitError
                0x00000ad8       0x30
 .text.prvTaskExitError
                0x00000ad8       0x30 ./Output/port.o

.text.vPortSVCHandler
                0x00000b08       0x24
 .text.vPortSVCHandler
                0x00000b08       0x24 ./Output/port.o
                0x00000b08                vPortSVCHandler

.text.prvPortStartFirstTask
                0x00000b2c       0x20
 .text.prvPortStartFirstTask
                0x00000b2c       0x20 ./Output/port.o

.text.xPortPendSVHandler
                0x00000b4c       0x44
 .text.xPortPendSVHandler
                0x00000b4c       0x44 ./Output/port.o
                0x00000b4c                xPortPendSVHandler

.text.pxPortInitialiseStack
                0x00000b90       0x1c
 .text.pxPortInitialiseStack
                0x00000b90       0x1c ./Output/port.o
                0x00000b90                pxPortInitialiseStack

.text.vPortEnterCritical
                0x00000bac       0x30
 .text.vPortEnterCritical
                0x00000bac       0x30 ./Output/port.o
                0x00000bac                vPortEnterCritical

.text.vPortExitCritical
                0x00000bdc       0x18
 .text.vPortExitCritical
                0x00000bdc       0x18 ./Output/port.o
                0x00000bdc                vPortExitCritical

.text.xPortSysTickHandler
                0x00000bf4       0x2c
 .text.xPortSysTickHandler
                0x00000bf4       0x2c ./Output/port.o
                0x00000bf4                xPortSysTickHandler

.text.vPortSetupTimerInterrupt
                0x00000c20       0x16
 .text.vPortSetupTimerInterrupt
                0x00000c20       0x16 ./Output/port.o
                0x00000c20                vPortSetupTimerInterrupt

.text.xPortStartScheduler
                0x00000c38       0xe4
 .text.xPortStartScheduler
                0x00000c38       0xe4 ./Output/port.o
                0x00000c38                xPortStartScheduler

.text.vTaskFunction
                0x00000d1c       0x28
 .text.vTaskFunction
                0x00000d1c       0x28 ./Output/main.o
                0x00000d1c                vTaskFunction

.text.startup.main
                0x00000d44       0x2c
 .text.startup.main
                0x00000d44       0x2c ./Output/main.o
                0x00000d44                main

.text.UART_init
                0x00000d70       0x14
 .text.UART_init
                0x00000d70       0x14 ./Output/uart.o
                0x00000d70                UART_init

.text.UART_printf
                0x00000d84       0x14
 .text.UART_printf
                0x00000d84       0x14 ./Output/uart.o
                0x00000d84                UART_printf

.text.ADC_init  0x00000d98        0xc
 .text.ADC_init
                0x00000d98        0xc ./Output/adc.o
                0x00000d98                ADC_init

.text.ADC_read  0x00000da4       0x14
 .text.ADC_read
                0x00000da4       0x14 ./Output/adc.o
                0x00000da4                ADC_read

.text.Default_Handler
                0x00000e00        0xc
 .text.Default_Handler
                0x00000e00        0xc ./Output/startup.o

.text.HardFault_Handler
                0x00000f00       0x18
 .text.HardFault_Handler
                0x00000f00       0x18 ./Output/startup.o

.text.Reset_Handler
                0x00000f18        0x4
 .text.Reset_Handler
                0x00000f18        0x4 ./Output/startup.o
                0x00000f18                Reset_Handler

.text.prvGetRegistersFromStack
                0x00000f1c       0x60
 .text.prvGetRegistersFromStack
                0x00000f1c       0x60 ./Output/startup.o
                0x00000f1c                prvGetRegistersFromStack

.text.sprintf   0x00000f7c       0x44
 .text.sprintf  0x00000f7c       0x44 /usr/lib/gcc/arm-none-eabi/14.1.0/../../../../arm-none-eabi/lib/thumb/v7e-m/nofp/libc_nano.a(libc_a-sprintf.o)
                0x00000f7c                sprintf
                0x00000f7c                siprintf

.text.memset    0x00000fc0       0x10
 .text.memset   0x00000fc0       0x10 /usr/lib/gcc/arm-none-eabi/14.1.0/../../../../arm-none-eabi/lib/thumb/v7e-m/nofp/libc_nano.a(libc_a-memset.o)
                0x00000fc0                memset

.text.memcpy    0x00000fd0       0x1c
 .text.memcpy   0x00000fd0       0x1c /usr/lib/gcc/arm-none-eabi/14.1.0/../../../../arm-none-eabi/lib/thumb/v7e-m/nofp/libc_nano.a(libc_a-memcpy-stub.o)
                0x00000fd0                memcpy

.text.__ssputs_r
                0x00000fec       0xc0
 .text.__ssputs_r
                0x00000fec       0xc0 /usr/lib/gcc/arm-none-eabi/14.1.0/../../../../arm-none-eabi/lib/thumb/v7e-m/nofp/libc_nano.a(libc_a-nano-svfprintf.o)
                0x00000fec                __ssputs_r

.text._svfprintf_r
                0x000010ac      0x1f8
 .text._svfprintf_r
                0x000010ac      0x1f8 /usr/lib/gcc/arm-none-eabi/14.1.0/../../../../arm-none-eabi/lib/thumb/v7e-m/nofp/libc_nano.a(libc_a-nano-svfprintf.o)
                0x000010ac                _svfprintf_r
                0x000010ac                _svfiprintf_r

.text._printf_common
                0x000012a4       0xda
 .text._printf_common
                0x000012a4       0xda /usr/lib/gcc/arm-none-eabi/14.1.0/../../../../arm-none-eabi/lib/thumb/v7e-m/nofp/libc_nano.a(libc_a-nano-vfprintf_i.o)
                0x000012a4                _printf_common

.text._printf_i
                0x00001380      0x240
 .text._printf_i
                0x00001380      0x240 /usr/lib/gcc/arm-none-eabi/14.1.0/../../../../arm-none-eabi/lib/thumb/v7e-m/nofp/libc_nano.a(libc_a-nano-vfprintf_i.o)
                0x00001380                _printf_i

.text.memmove   0x000015c0       0x32
 .text.memmove  0x000015c0       0x32 /usr/lib/gcc/arm-none-eabi/14.1.0/../../../../arm-none-eabi/lib/thumb/v7e-m/nofp/libc_nano.a(libc_a-memmove.o)
                0x000015c0                memmove

.text._free_r   0x000015f4       0x94
 .text._free_r  0x000015f4       0x94 /usr/lib/gcc/arm-none-eabi/14.1.0/../../../../arm-none-eabi/lib/thumb/v7e-m/nofp/libc_nano.a(libc_a-freer.o)
                0x000015f4                _free_r

.text.sbrk_aligned
                0x00001688       0x44
 .text.sbrk_aligned
                0x00001688       0x44 /usr/lib/gcc/arm-none-eabi/14.1.0/../../../../arm-none-eabi/lib/thumb/v7e-m/nofp/libc_nano.a(libc_a-mallocr.o)

.text._malloc_r
                0x000016cc      0x100
 .text._malloc_r
                0x000016cc      0x100 /usr/lib/gcc/arm-none-eabi/14.1.0/../../../../arm-none-eabi/lib/thumb/v7e-m/nofp/libc_nano.a(libc_a-mallocr.o)
                0x000016cc                _malloc_r

.text.__malloc_lock
                0x000017cc        0xc
 .text.__malloc_lock
                0x000017cc        0xc /usr/lib/gcc/arm-none-eabi/14.1.0/../../../../arm-none-eabi/lib/thumb/v7e-m/nofp/libc_nano.a(libc_a-mlock.o)
                0x000017cc                __malloc_lock

.text.__malloc_unlock
                0x000017d8        0xc
 .text.__malloc_unlock
                0x000017d8        0xc /usr/lib/gcc/arm-none-eabi/14.1.0/../../../../arm-none-eabi/lib/thumb/v7e-m/nofp/libc_nano.a(libc_a-mlock.o)
                0x000017d8                __malloc_unlock

.text._realloc_r
                0x000017e4       0x5c
 .text._realloc_r
                0x000017e4       0x5c /usr/lib/gcc/arm-none-eabi/14.1.0/../../../../arm-none-eabi/lib/thumb/v7e-m/nofp/libc_nano.a(libc_a-reallocr.o)
                0x000017e4                _realloc_r

.text._sbrk_r   0x00001840       0x20
 .text._sbrk_r  0x00001840       0x20 /usr/lib/gcc/arm-none-eabi/14.1.0/../../../../arm-none-eabi/lib/thumb/v7e-m/nofp/libc_nano.a(libc_a-sbrkr.o)
                0x00001840                _sbrk_r

.text.__retarget_lock_acquire_recursive
                0x00001860        0x2
 .text.__retarget_lock_acquire_recursive
                0x00001860        0x2 /usr/lib/gcc/arm-none-eabi/14.1.0/../../../../arm-none-eabi/lib/thumb/v7e-m/nofp/libc_nano.a(libc_a-lock.o)
                0x00001860                __retarget_lock_acquire_recursive

.text.__retarget_lock_release_recursive
                0x00001862        0x2
 .text.__retarget_lock_release_recursive
                0x00001862        0x2 /usr/lib/gcc/arm-none-eabi/14.1.0/../../../../arm-none-eabi/lib/thumb/v7e-m/nofp/libc_nano.a(libc_a-lock.o)
                0x00001862                __retarget_lock_release_recursive

.text._malloc_usable_size_r
                0x00001864       0x10
 .text._malloc_usable_size_r
                0x00001864       0x10 /usr/lib/gcc/arm-none-eabi/14.1.0/../../../../arm-none-eabi/lib/thumb/v7e-m/nofp/libc_nano.a(libc_a-msizer.o)
                0x00001864                _malloc_usable_size_r

.text._sbrk     0x00001874       0x1c
 .text._sbrk    0x00001874       0x1c /usr/lib/gcc/arm-none-eabi/14.1.0/../../../../arm-none-eabi/lib/thumb/v7e-m/nofp/libnosys.a(sbrk.o)
                0x00001874                _sbrk

.rel.dyn        0x00001890        0x0
 .rel.iplt      0x00001890        0x0 ./Output/tasks.o

.ARM.exidx      0x00001890        0x8
 .ARM.exidx     0x00001890        0x8 /usr/lib/gcc/arm-none-eabi/14.1.0/../../../../arm-none-eabi/lib/thumb/v7e-m/nofp/libc_nano.a(libc_a-memchr.o)

.data           0x20400000        0x0
                0x20400000                        . = ALIGN (0x8)
                0x20400000                        _data = .
                0x20400000                        _sdata = .
 *(vtable)
 *(.data)
                0x20400000                        _edata = .

.igot.plt       0x20400000        0x0
 .igot.plt      0x20400000        0x0 ./Output/tasks.o

.data.uxCriticalNesting
                0x20400000        0x4
 .data.uxCriticalNesting
                0x20400000        0x4 ./Output/port.o

.data._impure_ptr
                0x20400004        0x4
 .data._impure_ptr
                0x20400004        0x4 /usr/lib/gcc/arm-none-eabi/14.1.0/../../../../arm-none-eabi/lib/thumb/v7e-m/nofp/libc_nano.a(libc_a-impure.o)
                0x20400004                _impure_ptr

.data._impure_data
                0x20400008       0x4c
 .data._impure_data
                0x20400008       0x4c /usr/lib/gcc/arm-none-eabi/14.1.0/../../../../arm-none-eabi/lib/thumb/v7e-m/nofp/libc_nano.a(libc_a-impure.o)
                0x20400008                _impure_data

.bss            0x20400054        0x4
                0x20400058                        . = ALIGN (0x8)
 *fill*         0x20400054        0x4 
                0x20400058                        _bss = .
                0x20400058                        _sbss = .
 *(.bss)
                0x20400058                        _ebss = .

.bss.uxSchedulerSuspended
                0x20400058        0x4
 .bss.uxSchedulerSuspended
                0x20400058        0x4 ./Output/tasks.o

.bss.xIdleTaskHandles
                0x2040005c        0x4
 .bss.xIdleTaskHandles
                0x2040005c        0x4 ./Output/tasks.o

.bss.xNextTaskUnblockTime
                0x20400060        0x4
 .bss.xNextTaskUnblockTime
                0x20400060        0x4 ./Output/tasks.o

.bss.uxTaskNumber
                0x20400064        0x4
 .bss.uxTaskNumber
                0x20400064        0x4 ./Output/tasks.o

.bss.xNumOfOverflows
                0x20400068        0x4
 .bss.xNumOfOverflows
                0x20400068        0x4 ./Output/tasks.o

.bss.xYieldPendings
                0x2040006c        0x4
 .bss.xYieldPendings
                0x2040006c        0x4 ./Output/tasks.o

.bss.xPendedTicks
                0x20400070        0x4
 .bss.xPendedTicks
                0x20400070        0x4 ./Output/tasks.o

.bss.xSchedulerRunning
                0x20400074        0x4
 .bss.xSchedulerRunning
                0x20400074        0x4 ./Output/tasks.o

.bss.uxTopReadyPriority
                0x20400078        0x4
 .bss.uxTopReadyPriority
                0x20400078        0x4 ./Output/tasks.o

.bss.xTickCount
                0x2040007c        0x4
 .bss.xTickCount
                0x2040007c        0x4 ./Output/tasks.o

.bss.uxCurrentNumberOfTasks
                0x20400080        0x4
 .bss.uxCurrentNumberOfTasks
                0x20400080        0x4 ./Output/tasks.o

.bss.xSuspendedTaskList
                0x20400084       0x14
 .bss.xSuspendedTaskList
                0x20400084       0x14 ./Output/tasks.o

.bss.uxDeletedTasksWaitingCleanUp
                0x20400098        0x4
 .bss.uxDeletedTasksWaitingCleanUp
                0x20400098        0x4 ./Output/tasks.o

.bss.xTasksWaitingTermination
                0x2040009c       0x14
 .bss.xTasksWaitingTermination
                0x2040009c       0x14 ./Output/tasks.o

.bss.xPendingReadyList
                0x204000b0       0x14
 .bss.xPendingReadyList
                0x204000b0       0x14 ./Output/tasks.o

.bss.pxOverflowDelayedTaskList
                0x204000c4        0x4
 .bss.pxOverflowDelayedTaskList
                0x204000c4        0x4 ./Output/tasks.o

.bss.pxDelayedTaskList
                0x204000c8        0x4
 .bss.pxDelayedTaskList
                0x204000c8        0x4 ./Output/tasks.o

.bss.xDelayedTaskList2
                0x204000cc       0x14
 .bss.xDelayedTaskList2
                0x204000cc       0x14 ./Output/tasks.o

.bss.xDelayedTaskList1
                0x204000e0       0x14
 .bss.xDelayedTaskList1
                0x204000e0       0x14 ./Output/tasks.o

.bss.pxReadyTasksLists
                0x204000f4       0xb4
 .bss.pxReadyTasksLists
                0x204000f4       0xb4 ./Output/tasks.o

.bss.pxCurrentTCB
                0x204001a8        0x4
 .bss.pxCurrentTCB
                0x204001a8        0x4 ./Output/tasks.o
                0x204001a8                pxCurrentTCB

.bss.xNumberOfSuccessfulFrees
                0x204001ac        0x4
 .bss.xNumberOfSuccessfulFrees
                0x204001ac        0x4 ./Output/heap_4.o

.bss.xNumberOfSuccessfulAllocations
                0x204001b0        0x4
 .bss.xNumberOfSuccessfulAllocations
                0x204001b0        0x4 ./Output/heap_4.o

.bss.xMinimumEverFreeBytesRemaining
                0x204001b4        0x4
 .bss.xMinimumEverFreeBytesRemaining
                0x204001b4        0x4 ./Output/heap_4.o

.bss.xFreeBytesRemaining
                0x204001b8        0x4
 .bss.xFreeBytesRemaining
                0x204001b8        0x4 ./Output/heap_4.o

.bss.pxEnd      0x204001bc        0x4
 .bss.pxEnd     0x204001bc        0x4 ./Output/heap_4.o

.bss.xStart     0x204001c0        0x8
 .bss.xStart    0x204001c0        0x8 ./Output/heap_4.o

.bss.ucHeap     0x204001c8     0xf000
 .bss.ucHeap    0x204001c8     0xf000 ./Output/heap_4.o

.bss.ulMaxPRIGROUPValue
                0x2040f1c8        0x4
 .bss.ulMaxPRIGROUPValue
                0x2040f1c8        0x4 ./Output/port.o

.bss.ucMaxSysCallPriority
                0x2040f1cc        0x1
 .bss.ucMaxSysCallPriority
                0x2040f1cc        0x1 ./Output/port.o

.bss.psr        0x2040f1d0        0x4
 .bss.psr       0x2040f1d0        0x4 ./Output/startup.o
                0x2040f1d0                psr

.bss.pc         0x2040f1d4        0x4
 .bss.pc        0x2040f1d4        0x4 ./Output/startup.o
                0x2040f1d4                pc

.bss.lr         0x2040f1d8        0x4
 .bss.lr        0x2040f1d8        0x4 ./Output/startup.o
                0x2040f1d8                lr

.bss.r12        0x2040f1dc        0x4
 .bss.r12       0x2040f1dc        0x4 ./Output/startup.o
                0x2040f1dc                r12

.bss.r3         0x2040f1e0        0x4
 .bss.r3        0x2040f1e0        0x4 ./Output/startup.o
                0x2040f1e0                r3

.bss.r2         0x2040f1e4        0x4
 .bss.r2        0x2040f1e4        0x4 ./Output/startup.o
                0x2040f1e4                r2

.bss.r1         0x2040f1e8        0x4
 .bss.r1        0x2040f1e8        0x4 ./Output/startup.o
                0x2040f1e8                r1

.bss.r0         0x2040f1ec        0x4
 .bss.r0        0x2040f1ec        0x4 ./Output/startup.o
                0x2040f1ec                r0

.bss.__malloc_sbrk_start
                0x2040f1f0        0x4
 .bss.__malloc_sbrk_start
                0x2040f1f0        0x4 /usr/lib/gcc/arm-none-eabi/14.1.0/../../../../arm-none-eabi/lib/thumb/v7e-m/nofp/libc_nano.a(libc_a-mallocr.o)
                0x2040f1f0                __malloc_sbrk_start

.bss.__malloc_free_list
                0x2040f1f4        0x4
 .bss.__malloc_free_list
                0x2040f1f4        0x4 /usr/lib/gcc/arm-none-eabi/14.1.0/../../../../arm-none-eabi/lib/thumb/v7e-m/nofp/libc_nano.a(libc_a-mallocr.o)
                0x2040f1f4                __malloc_free_list

.bss.__lock___malloc_recursive_mutex
                0x2040f1f8        0x1
 .bss.__lock___malloc_recursive_mutex
                0x2040f1f8        0x1 /usr/lib/gcc/arm-none-eabi/14.1.0/../../../../arm-none-eabi/lib/thumb/v7e-m/nofp/libc_nano.a(libc_a-lock.o)
                0x2040f1f8                __lock___malloc_recursive_mutex

.bss.errno      0x2040f1fc        0x4
 .bss.errno     0x2040f1fc        0x4 /usr/lib/gcc/arm-none-eabi/14.1.0/../../../../arm-none-eabi/lib/thumb/v7e-m/nofp/libc_nano.a(libc_a-reent.o)
                0x2040f1fc                errno

.bss.heap_end.0
                0x2040f200        0x4
 .bss.heap_end.0
                0x2040f200        0x4 /usr/lib/gcc/arm-none-eabi/14.1.0/../../../../arm-none-eabi/lib/thumb/v7e-m/nofp/libnosys.a(sbrk.o)

.heap           0x2040f204      0x40c
                0x2040f208                        . = ALIGN (0x8)
 *fill*         0x2040f204        0x4 
                0x2040f208                        PROVIDE (end = .)
                [!provide]                        PROVIDE (_end = .)
                0x2040f208                        _heap_bottom = .
                0x2040f210                        . = (. + _Min_Heap_Size)
 *fill*         0x2040f208        0x8 
                0x2040f210                        _heap_top = .
                0x2040f610                        . = (. + _Min_Stack_Size)
 *fill*         0x2040f210      0x400 
                0x2040f610                        . = ALIGN (0x8)
                0x204bd800                        __StackTop = (ORIGIN (SRAM) + LENGTH (SRAM))
                0x204bd400                        __StackLimit = (__StackTop - _Min_Stack_Size)
                [!provide]                        PROVIDE (__stack = __StackTop)
                0x00000001                        ASSERT ((__StackLimit >= _heap_top), region SRAM overflowed with stack)
OUTPUT(./Output/firmware.elf elf32-littlearm)
LOAD linker stubs

.debug_info     0x00000000     0xb1c7
 .debug_info    0x00000000     0x3030 ./Output/tasks.o
 .debug_info    0x00003030      0x2b2 ./Output/list.o
 .debug_info    0x000032e2      0x5e8 ./Output/heap_4.o
 .debug_info    0x000038ca      0x461 ./Output/port.o
 .debug_info    0x00003d2b      0x2f2 ./Output/main.o
 .debug_info    0x0000401d       0xdf ./Output/uart.o
 .debug_info    0x000040fc       0xac ./Output/adc.o
 .debug_info    0x000041a8      0x1fb ./Output/startup.o
 .debug_info    0x000043a3      0x885 /usr/lib/gcc/arm-none-eabi/14.1.0/../../../../arm-none-eabi/lib/thumb/v7e-m/nofp/libc_nano.a(libc_a-sprintf.o)
 .debug_info    0x00004c28       0xe0 /usr/lib/gcc/arm-none-eabi/14.1.0/../../../../arm-none-eabi/lib/thumb/v7e-m/nofp/libc_nano.a(libc_a-memset.o)
 .debug_info    0x00004d08      0x715 /usr/lib/gcc/arm-none-eabi/14.1.0/../../../../arm-none-eabi/lib/thumb/v7e-m/nofp/libc_nano.a(libc_a-impure.o)
 .debug_info    0x0000541d      0x121 /usr/lib/gcc/arm-none-eabi/14.1.0/../../../../arm-none-eabi/lib/thumb/v7e-m/nofp/libc_nano.a(libc_a-memcpy-stub.o)
 .debug_info    0x0000553e     0x10b3 /usr/lib/gcc/arm-none-eabi/14.1.0/../../../../arm-none-eabi/lib/thumb/v7e-m/nofp/libc_nano.a(libc_a-nano-svfprintf.o)
 .debug_info    0x000065f1      0xde2 /usr/lib/gcc/arm-none-eabi/14.1.0/../../../../arm-none-eabi/lib/thumb/v7e-m/nofp/libc_nano.a(libc_a-nano-vfprintf_i.o)
 .debug_info    0x000073d3      0x10f /usr/lib/gcc/arm-none-eabi/14.1.0/../../../../arm-none-eabi/lib/thumb/v7e-m/nofp/libc_nano.a(libc_a-memmove.o)
 .debug_info    0x000074e2       0x25 /usr/lib/gcc/arm-none-eabi/14.1.0/../../../../arm-none-eabi/lib/thumb/v7e-m/nofp/libc_nano.a(libc_a-memchr.o)
 .debug_info    0x00007507      0x851 /usr/lib/gcc/arm-none-eabi/14.1.0/../../../../arm-none-eabi/lib/thumb/v7e-m/nofp/libc_nano.a(libc_a-freer.o)
 .debug_info    0x00007d58      0x9bc /usr/lib/gcc/arm-none-eabi/14.1.0/../../../../arm-none-eabi/lib/thumb/v7e-m/nofp/libc_nano.a(libc_a-mallocr.o)
 .debug_info    0x00008714      0x76b /usr/lib/gcc/arm-none-eabi/14.1.0/../../../../arm-none-eabi/lib/thumb/v7e-m/nofp/libc_nano.a(libc_a-mlock.o)
 .debug_info    0x00008e7f      0x8cd /usr/lib/gcc/arm-none-eabi/14.1.0/../../../../arm-none-eabi/lib/thumb/v7e-m/nofp/libc_nano.a(libc_a-reallocr.o)
 .debug_info    0x0000974c      0x782 /usr/lib/gcc/arm-none-eabi/14.1.0/../../../../arm-none-eabi/lib/thumb/v7e-m/nofp/libc_nano.a(libc_a-sbrkr.o)
 .debug_info    0x00009ece      0x218 /usr/lib/gcc/arm-none-eabi/14.1.0/../../../../arm-none-eabi/lib/thumb/v7e-m/nofp/libc_nano.a(libc_a-lock.o)
 .debug_info    0x0000a0e6      0x794 /usr/lib/gcc/arm-none-eabi/14.1.0/../../../../arm-none-eabi/lib/thumb/v7e-m/nofp/libc_nano.a(libc_a-msizer.o)
 .debug_info    0x0000a87a      0x8a1 /usr/lib/gcc/arm-none-eabi/14.1.0/../../../../arm-none-eabi/lib/thumb/v7e-m/nofp/libc_nano.a(libc_a-reent.o)
 .debug_info    0x0000b11b       0xac /usr/lib/gcc/arm-none-eabi/14.1.0/../../../../arm-none-eabi/lib/thumb/v7e-m/nofp/libnosys.a(sbrk.o)

.debug_abbrev   0x00000000     0x2a20
 .debug_abbrev  0x00000000      0x4ff ./Output/tasks.o
 .debug_abbrev  0x000004ff      0x105 ./Output/list.o
 .debug_abbrev  0x00000604      0x2d2 ./Output/heap_4.o
 .debug_abbrev  0x000008d6      0x29c ./Output/port.o
 .debug_abbrev  0x00000b72      0x1a2 ./Output/main.o
 .debug_abbrev  0x00000d14       0x95 ./Output/uart.o
 .debug_abbrev  0x00000da9       0x6f ./Output/adc.o
 .debug_abbrev  0x00000e18      0x165 ./Output/startup.o
 .debug_abbrev  0x00000f7d      0x21c /usr/lib/gcc/arm-none-eabi/14.1.0/../../../../arm-none-eabi/lib/thumb/v7e-m/nofp/libc_nano.a(libc_a-sprintf.o)
 .debug_abbrev  0x00001199       0x9e /usr/lib/gcc/arm-none-eabi/14.1.0/../../../../arm-none-eabi/lib/thumb/v7e-m/nofp/libc_nano.a(libc_a-memset.o)
 .debug_abbrev  0x00001237      0x149 /usr/lib/gcc/arm-none-eabi/14.1.0/../../../../arm-none-eabi/lib/thumb/v7e-m/nofp/libc_nano.a(libc_a-impure.o)
 .debug_abbrev  0x00001380       0xc1 /usr/lib/gcc/arm-none-eabi/14.1.0/../../../../arm-none-eabi/lib/thumb/v7e-m/nofp/libc_nano.a(libc_a-memcpy-stub.o)
 .debug_abbrev  0x00001441      0x31e /usr/lib/gcc/arm-none-eabi/14.1.0/../../../../arm-none-eabi/lib/thumb/v7e-m/nofp/libc_nano.a(libc_a-nano-svfprintf.o)
 .debug_abbrev  0x0000175f      0x28e /usr/lib/gcc/arm-none-eabi/14.1.0/../../../../arm-none-eabi/lib/thumb/v7e-m/nofp/libc_nano.a(libc_a-nano-vfprintf_i.o)
 .debug_abbrev  0x000019ed       0xac /usr/lib/gcc/arm-none-eabi/14.1.0/../../../../arm-none-eabi/lib/thumb/v7e-m/nofp/libc_nano.a(libc_a-memmove.o)
 .debug_abbrev  0x00001a99       0x14 /usr/lib/gcc/arm-none-eabi/14.1.0/../../../../arm-none-eabi/lib/thumb/v7e-m/nofp/libc_nano.a(libc_a-memchr.o)
 .debug_abbrev  0x00001aad      0x236 /usr/lib/gcc/arm-none-eabi/14.1.0/../../../../arm-none-eabi/lib/thumb/v7e-m/nofp/libc_nano.a(libc_a-freer.o)
 .debug_abbrev  0x00001ce3      0x24a /usr/lib/gcc/arm-none-eabi/14.1.0/../../../../arm-none-eabi/lib/thumb/v7e-m/nofp/libc_nano.a(libc_a-mallocr.o)
 .debug_abbrev  0x00001f2d      0x1bf /usr/lib/gcc/arm-none-eabi/14.1.0/../../../../arm-none-eabi/lib/thumb/v7e-m/nofp/libc_nano.a(libc_a-mlock.o)
 .debug_abbrev  0x000020ec      0x217 /usr/lib/gcc/arm-none-eabi/14.1.0/../../../../arm-none-eabi/lib/thumb/v7e-m/nofp/libc_nano.a(libc_a-reallocr.o)
 .debug_abbrev  0x00002303      0x1da /usr/lib/gcc/arm-none-eabi/14.1.0/../../../../arm-none-eabi/lib/thumb/v7e-m/nofp/libc_nano.a(libc_a-sbrkr.o)
 .debug_abbrev  0x000024dd      0x115 /usr/lib/gcc/arm-none-eabi/14.1.0/../../../../arm-none-eabi/lib/thumb/v7e-m/nofp/libc_nano.a(libc_a-lock.o)
 .debug_abbrev  0x000025f2      0x196 /usr/lib/gcc/arm-none-eabi/14.1.0/../../../../arm-none-eabi/lib/thumb/v7e-m/nofp/libc_nano.a(libc_a-msizer.o)
 .debug_abbrev  0x00002788      0x1f7 /usr/lib/gcc/arm-none-eabi/14.1.0/../../../../arm-none-eabi/lib/thumb/v7e-m/nofp/libc_nano.a(libc_a-reent.o)
 .debug_abbrev  0x0000297f       0xa1 /usr/lib/gcc/arm-none-eabi/14.1.0/../../../../arm-none-eabi/lib/thumb/v7e-m/nofp/libnosys.a(sbrk.o)

.debug_loclists
                0x00000000     0x327d
 .debug_loclists
                0x00000000     0x1b14 ./Output/tasks.o
 .debug_loclists
                0x00001b14       0x77 ./Output/list.o
 .debug_loclists
                0x00001b8b      0x370 ./Output/heap_4.o
 .debug_loclists
                0x00001efb       0x8f ./Output/port.o
 .debug_loclists
                0x00001f8a       0x63 ./Output/main.o
 .debug_loclists
                0x00001fed       0x29 ./Output/uart.o
 .debug_loclists
                0x00002016       0x29 ./Output/startup.o
 .debug_loclists
                0x0000203f       0x9b /usr/lib/gcc/arm-none-eabi/14.1.0/../../../../arm-none-eabi/lib/thumb/v7e-m/nofp/libc_nano.a(libc_a-sprintf.o)
 .debug_loclists
                0x000020da       0x4d /usr/lib/gcc/arm-none-eabi/14.1.0/../../../../arm-none-eabi/lib/thumb/v7e-m/nofp/libc_nano.a(libc_a-memset.o)
 .debug_loclists
                0x00002127       0xad /usr/lib/gcc/arm-none-eabi/14.1.0/../../../../arm-none-eabi/lib/thumb/v7e-m/nofp/libc_nano.a(libc_a-memcpy-stub.o)
 .debug_loclists
                0x000021d4      0x4c3 /usr/lib/gcc/arm-none-eabi/14.1.0/../../../../arm-none-eabi/lib/thumb/v7e-m/nofp/libc_nano.a(libc_a-nano-svfprintf.o)
 .debug_loclists
                0x00002697      0x449 /usr/lib/gcc/arm-none-eabi/14.1.0/../../../../arm-none-eabi/lib/thumb/v7e-m/nofp/libc_nano.a(libc_a-nano-vfprintf_i.o)
 .debug_loclists
                0x00002ae0      0x149 /usr/lib/gcc/arm-none-eabi/14.1.0/../../../../arm-none-eabi/lib/thumb/v7e-m/nofp/libc_nano.a(libc_a-memmove.o)
 .debug_loclists
                0x00002c29       0xe0 /usr/lib/gcc/arm-none-eabi/14.1.0/../../../../arm-none-eabi/lib/thumb/v7e-m/nofp/libc_nano.a(libc_a-freer.o)
 .debug_loclists
                0x00002d09      0x23a /usr/lib/gcc/arm-none-eabi/14.1.0/../../../../arm-none-eabi/lib/thumb/v7e-m/nofp/libc_nano.a(libc_a-mallocr.o)
 .debug_loclists
                0x00002f43       0x46 /usr/lib/gcc/arm-none-eabi/14.1.0/../../../../arm-none-eabi/lib/thumb/v7e-m/nofp/libc_nano.a(libc_a-mlock.o)
 .debug_loclists
                0x00002f89      0x137 /usr/lib/gcc/arm-none-eabi/14.1.0/../../../../arm-none-eabi/lib/thumb/v7e-m/nofp/libc_nano.a(libc_a-reallocr.o)
 .debug_loclists
                0x000030c0       0x58 /usr/lib/gcc/arm-none-eabi/14.1.0/../../../../arm-none-eabi/lib/thumb/v7e-m/nofp/libc_nano.a(libc_a-sbrkr.o)
 .debug_loclists
                0x00003118       0x29 /usr/lib/gcc/arm-none-eabi/14.1.0/../../../../arm-none-eabi/lib/thumb/v7e-m/nofp/libc_nano.a(libc_a-lock.o)
 .debug_loclists
                0x00003141       0x68 /usr/lib/gcc/arm-none-eabi/14.1.0/../../../../arm-none-eabi/lib/thumb/v7e-m/nofp/libc_nano.a(libc_a-msizer.o)
 .debug_loclists
                0x000031a9       0x9c /usr/lib/gcc/arm-none-eabi/14.1.0/../../../../arm-none-eabi/lib/thumb/v7e-m/nofp/libc_nano.a(libc_a-reent.o)
 .debug_loclists
                0x00003245       0x38 /usr/lib/gcc/arm-none-eabi/14.1.0/../../../../arm-none-eabi/lib/thumb/v7e-m/nofp/libnosys.a(sbrk.o)

.debug_aranges  0x00000000      0x650
 .debug_aranges
                0x00000000      0x1f0 ./Output/tasks.o
 .debug_aranges
                0x000001f0       0x40 ./Output/list.o
 .debug_aranges
                0x00000230       0x60 ./Output/heap_4.o
 .debug_aranges
                0x00000290       0x78 ./Output/port.o
 .debug_aranges
                0x00000308       0x28 ./Output/main.o
 .debug_aranges
                0x00000330       0x30 ./Output/uart.o
 .debug_aranges
                0x00000360       0x28 ./Output/adc.o
 .debug_aranges
                0x00000388       0x38 ./Output/startup.o
 .debug_aranges
                0x000003c0       0x28 /usr/lib/gcc/arm-none-eabi/14.1.0/../../../../arm-none-eabi/lib/thumb/v7e-m/nofp/libc_nano.a(libc_a-sprintf.o)
 .debug_aranges
                0x000003e8       0x20 /usr/lib/gcc/arm-none-eabi/14.1.0/../../../../arm-none-eabi/lib/thumb/v7e-m/nofp/libc_nano.a(libc_a-memset.o)
 .debug_aranges
                0x00000408       0x18 /usr/lib/gcc/arm-none-eabi/14.1.0/../../../../arm-none-eabi/lib/thumb/v7e-m/nofp/libc_nano.a(libc_a-impure.o)
 .debug_aranges
                0x00000420       0x20 /usr/lib/gcc/arm-none-eabi/14.1.0/../../../../arm-none-eabi/lib/thumb/v7e-m/nofp/libc_nano.a(libc_a-memcpy-stub.o)
 .debug_aranges
                0x00000440       0x30 /usr/lib/gcc/arm-none-eabi/14.1.0/../../../../arm-none-eabi/lib/thumb/v7e-m/nofp/libc_nano.a(libc_a-nano-svfprintf.o)
 .debug_aranges
                0x00000470       0x28 /usr/lib/gcc/arm-none-eabi/14.1.0/../../../../arm-none-eabi/lib/thumb/v7e-m/nofp/libc_nano.a(libc_a-nano-vfprintf_i.o)
 .debug_aranges
                0x00000498       0x20 /usr/lib/gcc/arm-none-eabi/14.1.0/../../../../arm-none-eabi/lib/thumb/v7e-m/nofp/libc_nano.a(libc_a-memmove.o)
 .debug_aranges
                0x000004b8       0x20 /usr/lib/gcc/arm-none-eabi/14.1.0/../../../../arm-none-eabi/lib/thumb/v7e-m/nofp/libc_nano.a(libc_a-memchr.o)
 .debug_aranges
                0x000004d8       0x20 /usr/lib/gcc/arm-none-eabi/14.1.0/../../../../arm-none-eabi/lib/thumb/v7e-m/nofp/libc_nano.a(libc_a-freer.o)
 .debug_aranges
                0x000004f8       0x28 /usr/lib/gcc/arm-none-eabi/14.1.0/../../../../arm-none-eabi/lib/thumb/v7e-m/nofp/libc_nano.a(libc_a-mallocr.o)
 .debug_aranges
                0x00000520       0x28 /usr/lib/gcc/arm-none-eabi/14.1.0/../../../../arm-none-eabi/lib/thumb/v7e-m/nofp/libc_nano.a(libc_a-mlock.o)
 .debug_aranges
                0x00000548       0x20 /usr/lib/gcc/arm-none-eabi/14.1.0/../../../../arm-none-eabi/lib/thumb/v7e-m/nofp/libc_nano.a(libc_a-reallocr.o)
 .debug_aranges
                0x00000568       0x20 /usr/lib/gcc/arm-none-eabi/14.1.0/../../../../arm-none-eabi/lib/thumb/v7e-m/nofp/libc_nano.a(libc_a-sbrkr.o)
 .debug_aranges
                0x00000588       0x68 /usr/lib/gcc/arm-none-eabi/14.1.0/../../../../arm-none-eabi/lib/thumb/v7e-m/nofp/libc_nano.a(libc_a-lock.o)
 .debug_aranges
                0x000005f0       0x20 /usr/lib/gcc/arm-none-eabi/14.1.0/../../../../arm-none-eabi/lib/thumb/v7e-m/nofp/libc_nano.a(libc_a-msizer.o)
 .debug_aranges
                0x00000610       0x20 /usr/lib/gcc/arm-none-eabi/14.1.0/../../../../arm-none-eabi/lib/thumb/v7e-m/nofp/libc_nano.a(libc_a-reent.o)
 .debug_aranges
                0x00000630       0x20 /usr/lib/gcc/arm-none-eabi/14.1.0/../../../../arm-none-eabi/lib/thumb/v7e-m/nofp/libnosys.a(sbrk.o)

.debug_rnglists
                0x00000000      0x663
 .debug_rnglists
                0x00000000      0x2e4 ./Output/tasks.o
 .debug_rnglists
                0x000002e4       0x2b ./Output/list.o
 .debug_rnglists
                0x0000030f       0x52 ./Output/heap_4.o
 .debug_rnglists
                0x00000361       0x7f ./Output/port.o
 .debug_rnglists
                0x000003e0       0x19 ./Output/main.o
 .debug_rnglists
                0x000003f9       0x1f ./Output/uart.o
 .debug_rnglists
                0x00000418       0x19 ./Output/adc.o
 .debug_rnglists
                0x00000431       0x25 ./Output/startup.o
 .debug_rnglists
                0x00000456       0x19 /usr/lib/gcc/arm-none-eabi/14.1.0/../../../../arm-none-eabi/lib/thumb/v7e-m/nofp/libc_nano.a(libc_a-sprintf.o)
 .debug_rnglists
                0x0000046f       0x13 /usr/lib/gcc/arm-none-eabi/14.1.0/../../../../arm-none-eabi/lib/thumb/v7e-m/nofp/libc_nano.a(libc_a-memset.o)
 .debug_rnglists
                0x00000482       0x13 /usr/lib/gcc/arm-none-eabi/14.1.0/../../../../arm-none-eabi/lib/thumb/v7e-m/nofp/libc_nano.a(libc_a-memcpy-stub.o)
 .debug_rnglists
                0x00000495       0x40 /usr/lib/gcc/arm-none-eabi/14.1.0/../../../../arm-none-eabi/lib/thumb/v7e-m/nofp/libc_nano.a(libc_a-nano-svfprintf.o)
 .debug_rnglists
                0x000004d5       0x61 /usr/lib/gcc/arm-none-eabi/14.1.0/../../../../arm-none-eabi/lib/thumb/v7e-m/nofp/libc_nano.a(libc_a-nano-vfprintf_i.o)
 .debug_rnglists
                0x00000536       0x13 /usr/lib/gcc/arm-none-eabi/14.1.0/../../../../arm-none-eabi/lib/thumb/v7e-m/nofp/libc_nano.a(libc_a-memmove.o)
 .debug_rnglists
                0x00000549       0x14 /usr/lib/gcc/arm-none-eabi/14.1.0/../../../../arm-none-eabi/lib/thumb/v7e-m/nofp/libc_nano.a(libc_a-freer.o)
 .debug_rnglists
                0x0000055d       0x2c /usr/lib/gcc/arm-none-eabi/14.1.0/../../../../arm-none-eabi/lib/thumb/v7e-m/nofp/libc_nano.a(libc_a-mallocr.o)
 .debug_rnglists
                0x00000589       0x19 /usr/lib/gcc/arm-none-eabi/14.1.0/../../../../arm-none-eabi/lib/thumb/v7e-m/nofp/libc_nano.a(libc_a-mlock.o)
 .debug_rnglists
                0x000005a2       0x13 /usr/lib/gcc/arm-none-eabi/14.1.0/../../../../arm-none-eabi/lib/thumb/v7e-m/nofp/libc_nano.a(libc_a-reallocr.o)
 .debug_rnglists
                0x000005b5       0x13 /usr/lib/gcc/arm-none-eabi/14.1.0/../../../../arm-none-eabi/lib/thumb/v7e-m/nofp/libc_nano.a(libc_a-sbrkr.o)
 .debug_rnglists
                0x000005c8       0x49 /usr/lib/gcc/arm-none-eabi/14.1.0/../../../../arm-none-eabi/lib/thumb/v7e-m/nofp/libc_nano.a(libc_a-lock.o)
 .debug_rnglists
                0x00000611       0x13 /usr/lib/gcc/arm-none-eabi/14.1.0/../../../../arm-none-eabi/lib/thumb/v7e-m/nofp/libc_nano.a(libc_a-msizer.o)
 .debug_rnglists
                0x00000624       0x2c /usr/lib/gcc/arm-none-eabi/14.1.0/../../../../arm-none-eabi/lib/thumb/v7e-m/nofp/libc_nano.a(libc_a-reent.o)
 .debug_rnglists
                0x00000650       0x13 /usr/lib/gcc/arm-none-eabi/14.1.0/../../../../arm-none-eabi/lib/thumb/v7e-m/nofp/libnosys.a(sbrk.o)

.debug_macro    0x00000000     0x3f20
 .debug_macro   0x00000000      0x29a ./Output/tasks.o
 .debug_macro   0x0000029a      0xac0 ./Output/tasks.o
 .debug_macro   0x00000d5a       0x24 ./Output/tasks.o
 .debug_macro   0x00000d7e       0x22 ./Output/tasks.o
 .debug_macro   0x00000da0       0x67 ./Output/tasks.o
 .debug_macro   0x00000e07       0x94 ./Output/tasks.o
 .debug_macro   0x00000e9b       0x3c ./Output/tasks.o
 .debug_macro   0x00000ed7       0x34 ./Output/tasks.o
 .debug_macro   0x00000f0b       0x16 ./Output/tasks.o
 .debug_macro   0x00000f21      0x11c ./Output/tasks.o
 .debug_macro   0x0000103d       0x9b ./Output/tasks.o
 .debug_macro   0x000010d8       0x57 ./Output/tasks.o
 .debug_macro   0x0000112f      0x364 ./Output/tasks.o
 .debug_macro   0x00001493       0x16 ./Output/tasks.o
 .debug_macro   0x000014a9       0x4a ./Output/tasks.o
 .debug_macro   0x000014f3       0x34 ./Output/tasks.o
 .debug_macro   0x00001527       0x10 ./Output/tasks.o
 .debug_macro   0x00001537       0x58 ./Output/tasks.o
 .debug_macro   0x0000158f      0x1de ./Output/tasks.o
 .debug_macro   0x0000176d       0x16 ./Output/tasks.o
 .debug_macro   0x00001783       0x29 ./Output/tasks.o
 .debug_macro   0x000017ac       0x16 ./Output/tasks.o
 .debug_macro   0x000017c2       0x3c ./Output/tasks.o
 .debug_macro   0x000017fe      0x34e ./Output/tasks.o
 .debug_macro   0x00001b4c       0x16 ./Output/tasks.o
 .debug_macro   0x00001b62      0x164 ./Output/tasks.o
 .debug_macro   0x00001cc6       0x22 ./Output/tasks.o
 .debug_macro   0x00001ce8      0x182 ./Output/tasks.o
 .debug_macro   0x00001e6a       0xe7 ./Output/tasks.o
 .debug_macro   0x00001f51       0x3a ./Output/tasks.o
 .debug_macro   0x00001f8b       0x1f ./Output/tasks.o
 .debug_macro   0x00001faa       0x12 ./Output/tasks.o
 .debug_macro   0x00001fbc      0xfec ./Output/tasks.o
 .debug_macro   0x00002fa8       0xc3 ./Output/tasks.o
 .debug_macro   0x0000306b      0x14f ./Output/tasks.o
 .debug_macro   0x000031ba       0x98 ./Output/tasks.o
 .debug_macro   0x00003252       0x17 ./Output/tasks.o
 .debug_macro   0x00003269      0x17b ./Output/list.o
 .debug_macro   0x000033e4      0x20b ./Output/heap_4.o
 .debug_macro   0x000035ef      0x16c ./Output/port.o
 .debug_macro   0x0000375b      0x190 ./Output/port.o
 .debug_macro   0x000038eb      0x1a2 ./Output/main.o
 .debug_macro   0x00003a8d       0x16 ./Output/main.o
 .debug_macro   0x00003aa3       0x10 ./Output/main.o
 .debug_macro   0x00003ab3       0x16 ./Output/main.o
 .debug_macro   0x00003ac9       0x16 ./Output/main.o
 .debug_macro   0x00003adf      0x170 ./Output/main.o
 .debug_macro   0x00003c4f       0x2e ./Output/main.o
 .debug_macro   0x00003c7d       0x5e ./Output/main.o
 .debug_macro   0x00003cdb       0x97 ./Output/uart.o
 .debug_macro   0x00003d72       0x28 ./Output/uart.o
 .debug_macro   0x00003d9a       0x97 ./Output/adc.o
 .debug_macro   0x00003e31       0x58 ./Output/adc.o
 .debug_macro   0x00003e89       0x97 ./Output/startup.o

.debug_line     0x00000000     0x702e
 .debug_line    0x00000000     0x2ad6 ./Output/tasks.o
 .debug_line    0x00002ad6      0x466 ./Output/list.o
 .debug_line    0x00002f3c      0x87d ./Output/heap_4.o
 .debug_line    0x000037b9      0x53a ./Output/port.o
 .debug_line    0x00003cf3      0x2ee ./Output/main.o
 .debug_line    0x00003fe1      0x1cb ./Output/uart.o
 .debug_line    0x000041ac      0x18d ./Output/adc.o
 .debug_line    0x00004339      0x202 ./Output/startup.o
 .debug_line    0x0000453b      0x273 /usr/lib/gcc/arm-none-eabi/14.1.0/../../../../arm-none-eabi/lib/thumb/v7e-m/nofp/libc_nano.a(libc_a-sprintf.o)
 .debug_line    0x000047ae      0x12d /usr/lib/gcc/arm-none-eabi/14.1.0/../../../../arm-none-eabi/lib/thumb/v7e-m/nofp/libc_nano.a(libc_a-memset.o)
 .debug_line    0x000048db      0x112 /usr/lib/gcc/arm-none-eabi/14.1.0/../../../../arm-none-eabi/lib/thumb/v7e-m/nofp/libc_nano.a(libc_a-impure.o)
 .debug_line    0x000049ed      0x185 /usr/lib/gcc/arm-none-eabi/14.1.0/../../../../arm-none-eabi/lib/thumb/v7e-m/nofp/libc_nano.a(libc_a-memcpy-stub.o)
 .debug_line    0x00004b72      0x823 /usr/lib/gcc/arm-none-eabi/14.1.0/../../../../arm-none-eabi/lib/thumb/v7e-m/nofp/libc_nano.a(libc_a-nano-svfprintf.o)
 .debug_line    0x00005395      0x6bb /usr/lib/gcc/arm-none-eabi/14.1.0/../../../../arm-none-eabi/lib/thumb/v7e-m/nofp/libc_nano.a(libc_a-nano-vfprintf_i.o)
 .debug_line    0x00005a50      0x16a /usr/lib/gcc/arm-none-eabi/14.1.0/../../../../arm-none-eabi/lib/thumb/v7e-m/nofp/libc_nano.a(libc_a-memmove.o)
 .debug_line    0x00005bba       0x84 /usr/lib/gcc/arm-none-eabi/14.1.0/../../../../arm-none-eabi/lib/thumb/v7e-m/nofp/libc_nano.a(libc_a-memchr.o)
 .debug_line    0x00005c3e      0x2d4 /usr/lib/gcc/arm-none-eabi/14.1.0/../../../../arm-none-eabi/lib/thumb/v7e-m/nofp/libc_nano.a(libc_a-freer.o)
 .debug_line    0x00005f12      0x4c4 /usr/lib/gcc/arm-none-eabi/14.1.0/../../../../arm-none-eabi/lib/thumb/v7e-m/nofp/libc_nano.a(libc_a-mallocr.o)
 .debug_line    0x000063d6      0x1b4 /usr/lib/gcc/arm-none-eabi/14.1.0/../../../../arm-none-eabi/lib/thumb/v7e-m/nofp/libc_nano.a(libc_a-mlock.o)
 .debug_line    0x0000658a      0x239 /usr/lib/gcc/arm-none-eabi/14.1.0/../../../../arm-none-eabi/lib/thumb/v7e-m/nofp/libc_nano.a(libc_a-reallocr.o)
 .debug_line    0x000067c3      0x1e6 /usr/lib/gcc/arm-none-eabi/14.1.0/../../../../arm-none-eabi/lib/thumb/v7e-m/nofp/libc_nano.a(libc_a-sbrkr.o)
 .debug_line    0x000069a9      0x187 /usr/lib/gcc/arm-none-eabi/14.1.0/../../../../arm-none-eabi/lib/thumb/v7e-m/nofp/libc_nano.a(libc_a-lock.o)
 .debug_line    0x00006b30      0x1cc /usr/lib/gcc/arm-none-eabi/14.1.0/../../../../arm-none-eabi/lib/thumb/v7e-m/nofp/libc_nano.a(libc_a-msizer.o)
 .debug_line    0x00006cfc      0x2bc /usr/lib/gcc/arm-none-eabi/14.1.0/../../../../arm-none-eabi/lib/thumb/v7e-m/nofp/libc_nano.a(libc_a-reent.o)
 .debug_line    0x00006fb8       0x76 /usr/lib/gcc/arm-none-eabi/14.1.0/../../../../arm-none-eabi/lib/thumb/v7e-m/nofp/libnosys.a(sbrk.o)

.debug_str      0x00000000    0x15f34
 .debug_str     0x00000000    0x15f34 ./Output/tasks.o
                              0x13811 (size before relaxing)
 .debug_str     0x00015f34    0x100bb ./Output/list.o
 .debug_str     0x00015f34    0x11bd4 ./Output/heap_4.o
 .debug_str     0x00015f34     0xedb4 ./Output/port.o
 .debug_str     0x00015f34    0x11e45 ./Output/main.o
 .debug_str     0x00015f34     0xc644 ./Output/uart.o
 .debug_str     0x00015f34     0xc6c2 ./Output/adc.o
 .debug_str     0x00015f34     0xc6df ./Output/startup.o
 .debug_str     0x00015f34      0x538 /usr/lib/gcc/arm-none-eabi/14.1.0/../../../../arm-none-eabi/lib/thumb/v7e-m/nofp/libc_nano.a(libc_a-sprintf.o)
 .debug_str     0x00015f34      0x1d9 /usr/lib/gcc/arm-none-eabi/14.1.0/../../../../arm-none-eabi/lib/thumb/v7e-m/nofp/libc_nano.a(libc_a-memset.o)
 .debug_str     0x00015f34      0x4f9 /usr/lib/gcc/arm-none-eabi/14.1.0/../../../../arm-none-eabi/lib/thumb/v7e-m/nofp/libc_nano.a(libc_a-impure.o)
 .debug_str     0x00015f34      0x1f7 /usr/lib/gcc/arm-none-eabi/14.1.0/../../../../arm-none-eabi/lib/thumb/v7e-m/nofp/libc_nano.a(libc_a-memcpy-stub.o)
 .debug_str     0x00015f34      0x842 /usr/lib/gcc/arm-none-eabi/14.1.0/../../../../arm-none-eabi/lib/thumb/v7e-m/nofp/libc_nano.a(libc_a-nano-svfprintf.o)
 .debug_str     0x00015f34      0x7d8 /usr/lib/gcc/arm-none-eabi/14.1.0/../../../../arm-none-eabi/lib/thumb/v7e-m/nofp/libc_nano.a(libc_a-nano-vfprintf_i.o)
 .debug_str     0x00015f34      0x1f4 /usr/lib/gcc/arm-none-eabi/14.1.0/../../../../arm-none-eabi/lib/thumb/v7e-m/nofp/libc_nano.a(libc_a-memmove.o)
 .debug_str     0x00015f34       0xc6 /usr/lib/gcc/arm-none-eabi/14.1.0/../../../../arm-none-eabi/lib/thumb/v7e-m/nofp/libc_nano.a(libc_a-memchr.o)
 .debug_str     0x00015f34      0x579 /usr/lib/gcc/arm-none-eabi/14.1.0/../../../../arm-none-eabi/lib/thumb/v7e-m/nofp/libc_nano.a(libc_a-freer.o)
 .debug_str     0x00015f34      0x5da /usr/lib/gcc/arm-none-eabi/14.1.0/../../../../arm-none-eabi/lib/thumb/v7e-m/nofp/libc_nano.a(libc_a-mallocr.o)
 .debug_str     0x00015f34      0x57b /usr/lib/gcc/arm-none-eabi/14.1.0/../../../../arm-none-eabi/lib/thumb/v7e-m/nofp/libc_nano.a(libc_a-mlock.o)
 .debug_str     0x00015f34      0x56f /usr/lib/gcc/arm-none-eabi/14.1.0/../../../../arm-none-eabi/lib/thumb/v7e-m/nofp/libc_nano.a(libc_a-reallocr.o)
 .debug_str     0x00015f34      0x502 /usr/lib/gcc/arm-none-eabi/14.1.0/../../../../arm-none-eabi/lib/thumb/v7e-m/nofp/libc_nano.a(libc_a-sbrkr.o)
 .debug_str     0x00015f34      0x370 /usr/lib/gcc/arm-none-eabi/14.1.0/../../../../arm-none-eabi/lib/thumb/v7e-m/nofp/libc_nano.a(libc_a-lock.o)
 .debug_str     0x00015f34      0x542 /usr/lib/gcc/arm-none-eabi/14.1.0/../../../../arm-none-eabi/lib/thumb/v7e-m/nofp/libc_nano.a(libc_a-msizer.o)
 .debug_str     0x00015f34      0x518 /usr/lib/gcc/arm-none-eabi/14.1.0/../../../../arm-none-eabi/lib/thumb/v7e-m/nofp/libc_nano.a(libc_a-reent.o)
 .debug_str     0x00015f34      0x164 /usr/lib/gcc/arm-none-eabi/14.1.0/../../../../arm-none-eabi/lib/thumb/v7e-m/nofp/libnosys.a(sbrk.o)

.comment        0x00000000       0x46
 .comment       0x00000000       0x46 ./Output/tasks.o
                                 0x24 (size before relaxing)
 .comment       0x00000046       0x24 ./Output/list.o
 .comment       0x00000046       0x24 ./Output/heap_4.o
 .comment       0x00000046       0x24 ./Output/port.o
 .comment       0x00000046       0x24 ./Output/main.o
 .comment       0x00000046       0x24 ./Output/uart.o
 .comment       0x00000046       0x24 ./Output/adc.o
 .comment       0x00000046       0x24 ./Output/startup.o
 .comment       0x00000046       0x24 /usr/lib/gcc/arm-none-eabi/14.1.0/../../../../arm-none-eabi/lib/thumb/v7e-m/nofp/libc_nano.a(libc_a-sprintf.o)
 .comment       0x00000046       0x24 /usr/lib/gcc/arm-none-eabi/14.1.0/../../../../arm-none-eabi/lib/thumb/v7e-m/nofp/libc_nano.a(libc_a-memset.o)
 .comment       0x00000046       0x24 /usr/lib/gcc/arm-none-eabi/14.1.0/../../../../arm-none-eabi/lib/thumb/v7e-m/nofp/libc_nano.a(libc_a-impure.o)
 .comment       0x00000046       0x24 /usr/lib/gcc/arm-none-eabi/14.1.0/../../../../arm-none-eabi/lib/thumb/v7e-m/nofp/libc_nano.a(libc_a-memcpy-stub.o)
 .comment       0x00000046       0x24 /usr/lib/gcc/arm-none-eabi/14.1.0/../../../../arm-none-eabi/lib/thumb/v7e-m/nofp/libc_nano.a(libc_a-nano-svfprintf.o)
 .comment       0x00000046       0x24 /usr/lib/gcc/arm-none-eabi/14.1.0/../../../../arm-none-eabi/lib/thumb/v7e-m/nofp/libc_nano.a(libc_a-nano-vfprintf_i.o)
 .comment       0x00000046       0x24 /usr/lib/gcc/arm-none-eabi/14.1.0/../../../../arm-none-eabi/lib/thumb/v7e-m/nofp/libc_nano.a(libc_a-memmove.o)
 .comment       0x00000046       0x24 /usr/lib/gcc/arm-none-eabi/14.1.0/../../../../arm-none-eabi/lib/thumb/v7e-m/nofp/libc_nano.a(libc_a-freer.o)
 .comment       0x00000046       0x24 /usr/lib/gcc/arm-none-eabi/14.1.0/../../../../arm-none-eabi/lib/thumb/v7e-m/nofp/libc_nano.a(libc_a-mallocr.o)
 .comment       0x00000046       0x24 /usr/lib/gcc/arm-none-eabi/14.1.0/../../../../arm-none-eabi/lib/thumb/v7e-m/nofp/libc_nano.a(libc_a-mlock.o)
 .comment       0x00000046       0x24 /usr/lib/gcc/arm-none-eabi/14.1.0/../../../../arm-none-eabi/lib/thumb/v7e-m/nofp/libc_nano.a(libc_a-reallocr.o)
 .comment       0x00000046       0x24 /usr/lib/gcc/arm-none-eabi/14.1.0/../../../../arm-none-eabi/lib/thumb/v7e-m/nofp/libc_nano.a(libc_a-sbrkr.o)
 .comment       0x00000046       0x24 /usr/lib/gcc/arm-none-eabi/14.1.0/../../../../arm-none-eabi/lib/thumb/v7e-m/nofp/libc_nano.a(libc_a-lock.o)
 .comment       0x00000046       0x24 /usr/lib/gcc/arm-none-eabi/14.1.0/../../../../arm-none-eabi/lib/thumb/v7e-m/nofp/libc_nano.a(libc_a-msizer.o)
 .comment       0x00000046       0x24 /usr/lib/gcc/arm-none-eabi/14.1.0/../../../../arm-none-eabi/lib/thumb/v7e-m/nofp/libc_nano.a(libc_a-reent.o)
 .comment       0x00000046       0x24 /usr/lib/gcc/arm-none-eabi/14.1.0/../../../../arm-none-eabi/lib/thumb/v7e-m/nofp/libnosys.a(sbrk.o)

.ARM.attributes
                0x00000000       0x2c
 .ARM.attributes
                0x00000000       0x2e ./Output/tasks.o
 .ARM.attributes
                0x0000002e       0x2e ./Output/list.o
 .ARM.attributes
                0x0000005c       0x2e ./Output/heap_4.o
 .ARM.attributes
                0x0000008a       0x2e ./Output/port.o
 .ARM.attributes
                0x000000b8       0x2e ./Output/main.o
 .ARM.attributes
                0x000000e6       0x2e ./Output/uart.o
 .ARM.attributes
                0x00000114       0x2e ./Output/adc.o
 .ARM.attributes
                0x00000142       0x2e ./Output/startup.o
 .ARM.attributes
                0x00000170       0x2e /usr/lib/gcc/arm-none-eabi/14.1.0/../../../../arm-none-eabi/lib/thumb/v7e-m/nofp/libc_nano.a(libc_a-sprintf.o)
 .ARM.attributes
                0x0000019e       0x2e /usr/lib/gcc/arm-none-eabi/14.1.0/../../../../arm-none-eabi/lib/thumb/v7e-m/nofp/libc_nano.a(libc_a-memset.o)
 .ARM.attributes
                0x000001cc       0x2e /usr/lib/gcc/arm-none-eabi/14.1.0/../../../../arm-none-eabi/lib/thumb/v7e-m/nofp/libc_nano.a(libc_a-impure.o)
 .ARM.attributes
                0x000001fa       0x2e /usr/lib/gcc/arm-none-eabi/14.1.0/../../../../arm-none-eabi/lib/thumb/v7e-m/nofp/libc_nano.a(libc_a-memcpy-stub.o)
 .ARM.attributes
                0x00000228       0x2e /usr/lib/gcc/arm-none-eabi/14.1.0/../../../../arm-none-eabi/lib/thumb/v7e-m/nofp/libc_nano.a(libc_a-nano-svfprintf.o)
 .ARM.attributes
                0x00000256       0x2e /usr/lib/gcc/arm-none-eabi/14.1.0/../../../../arm-none-eabi/lib/thumb/v7e-m/nofp/libc_nano.a(libc_a-nano-vfprintf_i.o)
 .ARM.attributes
                0x00000284       0x2e /usr/lib/gcc/arm-none-eabi/14.1.0/../../../../arm-none-eabi/lib/thumb/v7e-m/nofp/libc_nano.a(libc_a-memmove.o)
 .ARM.attributes
                0x000002b2       0x1c /usr/lib/gcc/arm-none-eabi/14.1.0/../../../../arm-none-eabi/lib/thumb/v7e-m/nofp/libc_nano.a(libc_a-memchr.o)
 .ARM.attributes
                0x000002ce       0x2e /usr/lib/gcc/arm-none-eabi/14.1.0/../../../../arm-none-eabi/lib/thumb/v7e-m/nofp/libc_nano.a(libc_a-freer.o)
 .ARM.attributes
                0x000002fc       0x2e /usr/lib/gcc/arm-none-eabi/14.1.0/../../../../arm-none-eabi/lib/thumb/v7e-m/nofp/libc_nano.a(libc_a-mallocr.o)
 .ARM.attributes
                0x0000032a       0x2e /usr/lib/gcc/arm-none-eabi/14.1.0/../../../../arm-none-eabi/lib/thumb/v7e-m/nofp/libc_nano.a(libc_a-mlock.o)
 .ARM.attributes
                0x00000358       0x2e /usr/lib/gcc/arm-none-eabi/14.1.0/../../../../arm-none-eabi/lib/thumb/v7e-m/nofp/libc_nano.a(libc_a-reallocr.o)
 .ARM.attributes
                0x00000386       0x2e /usr/lib/gcc/arm-none-eabi/14.1.0/../../../../arm-none-eabi/lib/thumb/v7e-m/nofp/libc_nano.a(libc_a-sbrkr.o)
 .ARM.attributes
                0x000003b4       0x2e /usr/lib/gcc/arm-none-eabi/14.1.0/../../../../arm-none-eabi/lib/thumb/v7e-m/nofp/libc_nano.a(libc_a-lock.o)
 .ARM.attributes
                0x000003e2       0x2e /usr/lib/gcc/arm-none-eabi/14.1.0/../../../../arm-none-eabi/lib/thumb/v7e-m/nofp/libc_nano.a(libc_a-msizer.o)
 .ARM.attributes
                0x00000410       0x2e /usr/lib/gcc/arm-none-eabi/14.1.0/../../../../arm-none-eabi/lib/thumb/v7e-m/nofp/libc_nano.a(libc_a-reent.o)
 .ARM.attributes
                0x0000043e       0x2e /usr/lib/gcc/arm-none-eabi/14.1.0/../../../../arm-none-eabi/lib/thumb/v7e-m/nofp/libnosys.a(sbrk.o)

.debug_frame    0x00000000      0xdb4
 .debug_frame   0x00000000      0x640 ./Output/tasks.o
 .debug_frame   0x00000640       0x6c ./Output/list.o
 .debug_frame   0x000006ac       0xf4 ./Output/heap_4.o
 .debug_frame   0x000007a0       0xf0 ./Output/port.o
 .debug_frame   0x00000890       0x40 ./Output/main.o
 .debug_frame   0x000008d0       0x40 ./Output/uart.o
 .debug_frame   0x00000910       0x30 ./Output/adc.o
 .debug_frame   0x00000940       0x58 ./Output/startup.o
 .debug_frame   0x00000998       0x74 /usr/lib/gcc/arm-none-eabi/14.1.0/../../../../arm-none-eabi/lib/thumb/v7e-m/nofp/libc_nano.a(libc_a-sprintf.o)
 .debug_frame   0x00000a0c       0x20 /usr/lib/gcc/arm-none-eabi/14.1.0/../../../../arm-none-eabi/lib/thumb/v7e-m/nofp/libc_nano.a(libc_a-memset.o)
 .debug_frame   0x00000a2c       0x28 /usr/lib/gcc/arm-none-eabi/14.1.0/../../../../arm-none-eabi/lib/thumb/v7e-m/nofp/libc_nano.a(libc_a-memcpy-stub.o)
 .debug_frame   0x00000a54       0x90 /usr/lib/gcc/arm-none-eabi/14.1.0/../../../../arm-none-eabi/lib/thumb/v7e-m/nofp/libc_nano.a(libc_a-nano-svfprintf.o)
 .debug_frame   0x00000ae4       0x60 /usr/lib/gcc/arm-none-eabi/14.1.0/../../../../arm-none-eabi/lib/thumb/v7e-m/nofp/libc_nano.a(libc_a-nano-vfprintf_i.o)
 .debug_frame   0x00000b44       0x28 /usr/lib/gcc/arm-none-eabi/14.1.0/../../../../arm-none-eabi/lib/thumb/v7e-m/nofp/libc_nano.a(libc_a-memmove.o)
 .debug_frame   0x00000b6c       0x38 /usr/lib/gcc/arm-none-eabi/14.1.0/../../../../arm-none-eabi/lib/thumb/v7e-m/nofp/libc_nano.a(libc_a-freer.o)
 .debug_frame   0x00000ba4       0x50 /usr/lib/gcc/arm-none-eabi/14.1.0/../../../../arm-none-eabi/lib/thumb/v7e-m/nofp/libc_nano.a(libc_a-mallocr.o)
 .debug_frame   0x00000bf4       0x30 /usr/lib/gcc/arm-none-eabi/14.1.0/../../../../arm-none-eabi/lib/thumb/v7e-m/nofp/libc_nano.a(libc_a-mlock.o)
 .debug_frame   0x00000c24       0x3c /usr/lib/gcc/arm-none-eabi/14.1.0/../../../../arm-none-eabi/lib/thumb/v7e-m/nofp/libc_nano.a(libc_a-reallocr.o)
 .debug_frame   0x00000c60       0x2c /usr/lib/gcc/arm-none-eabi/14.1.0/../../../../arm-none-eabi/lib/thumb/v7e-m/nofp/libc_nano.a(libc_a-sbrkr.o)
 .debug_frame   0x00000c8c       0xb0 /usr/lib/gcc/arm-none-eabi/14.1.0/../../../../arm-none-eabi/lib/thumb/v7e-m/nofp/libc_nano.a(libc_a-lock.o)
 .debug_frame   0x00000d3c       0x20 /usr/lib/gcc/arm-none-eabi/14.1.0/../../../../arm-none-eabi/lib/thumb/v7e-m/nofp/libc_nano.a(libc_a-msizer.o)
 .debug_frame   0x00000d5c       0x38 /usr/lib/gcc/arm-none-eabi/14.1.0/../../../../arm-none-eabi/lib/thumb/v7e-m/nofp/libc_nano.a(libc_a-reent.o)
 .debug_frame   0x00000d94       0x20 /usr/lib/gcc/arm-none-eabi/14.1.0/../../../../arm-none-eabi/lib/thumb/v7e-m/nofp/libnosys.a(sbrk.o)

.debug_line_str
                0x00000000       0xba
 .debug_line_str
                0x00000000       0xba /usr/lib/gcc/arm-none-eabi/14.1.0/../../../../arm-none-eabi/lib/thumb/v7e-m/nofp/libc_nano.a(libc_a-memchr.o)
